#SampleID	fastqFile	SequencingRun
SMPL1	Sample_P01-A01-LMB001_hg_R1.fastq,Sample_P01-A01-LMB001_hg_R2.fastq	a
SMPL101	Sample_P01-E03-LMB021_hg_R1.fastq,Sample_P01-E03-LMB021_hg_R2.fastq	a
SMPL103	Sample_P01-E04-LMB029_hg_R1.fastq,Sample_P01-E04-LMB029_hg_R2.fastq	a
SMPL105	Sample_P01-E05-LMB037_hg_R1.fastq,Sample_P01-E05-LMB037_hg_R2.fastq	a
SMPL107	Sample_P01-E06-LMB045_hg_R1.fastq,Sample_P01-E06-LMB045_hg_R2.fastq	a
SMPL109	Sample_P01-E07-LMB054_hg_R1.fastq,Sample_P01-E07-LMB054_hg_R2.fastq	a
SMPL11	Sample_P01-A06-LMB041_hg_R1.fastq,Sample_P01-A06-LMB041_hg_R2.fastq	a
SMPL111	Sample_P01-E08-LMB062_hg_R1.fastq,Sample_P01-E08-LMB062_hg_R2.fastq	a
SMPL113	Sample_P01-E09-LMB070_hg_R1.fastq,Sample_P01-E09-LMB070_hg_R2.fastq	a
SMPL115	Sample_P01-E10-LMB078_hg_R1.fastq,Sample_P01-E10-LMB078_hg_R2.fastq	a
SMPL117	Sample_P01-E11-LMB086_hg_R1.fastq,Sample_P01-E11-LMB086_hg_R2.fastq	a
SMPL119	Sample_P01-E12-LMB095_hg_R1.fastq,Sample_P01-E12-LMB095_hg_R2.fastq	a
SMPL121	Sample_P01-F01-LMB006_hg_R1.fastq,Sample_P01-F01-LMB006_hg_R2.fastq	a
SMPL123	Sample_P01-F02-LMB014_hg_R1.fastq,Sample_P01-F02-LMB014_hg_R2.fastq	a
SMPL125	Sample_P01-F03-LMB022_hg_R1.fastq,Sample_P01-F03-LMB022_hg_R2.fastq	a
SMPL127	Sample_P01-F04-LMB030_hg_R1.fastq,Sample_P01-F04-LMB030_hg_R2.fastq	a
SMPL129	Sample_P01-F05-LMB038_hg_R1.fastq,Sample_P01-F05-LMB038_hg_R2.fastq	a
SMPL13	Sample_P01-A07-LMB049_hg_R1.fastq,Sample_P01-A07-LMB049_hg_R2.fastq	a
SMPL131	Sample_P01-F06-LMB046_hg_R1.fastq,Sample_P01-F06-LMB046_hg_R2.fastq	a
SMPL133	Sample_P01-F07-LMB055_hg_R1.fastq,Sample_P01-F07-LMB055_hg_R2.fastq	a
SMPL135	Sample_P01-F08-LMB063_hg_R1.fastq,Sample_P01-F08-LMB063_hg_R2.fastq	a
SMPL137	Sample_P01-F09-LMB071_hg_R1.fastq,Sample_P01-F09-LMB071_hg_R2.fastq	a
SMPL139	Sample_P01-F10-LMB079_hg_R1.fastq,Sample_P01-F10-LMB079_hg_R2.fastq	a
SMPL141	Sample_P01-F11-LMB087_hg_R1.fastq,Sample_P01-F11-LMB087_hg_R2.fastq	a
SMPL143	Sample_P01-F12-LMB096_hg_R1.fastq,Sample_P01-F12-LMB096_hg_R2.fastq	a
SMPL145	Sample_P01-G01-LMB007_hg_R1.fastq,Sample_P01-G01-LMB007_hg_R2.fastq	a
SMPL147	Sample_P01-G02-LMB015_hg_R1.fastq,Sample_P01-G02-LMB015_hg_R2.fastq	a
SMPL149	Sample_P01-G03-LMB023_hg_R1.fastq,Sample_P01-G03-LMB023_hg_R2.fastq	a
SMPL15	Sample_P01-A08-LMB058_hg_R1.fastq,Sample_P01-A08-LMB058_hg_R2.fastq	a
SMPL151	Sample_P01-G04-LMB031_hg_R1.fastq,Sample_P01-G04-LMB031_hg_R2.fastq	a
SMPL153	Sample_P01-G05-LMB039_hg_R1.fastq,Sample_P01-G05-LMB039_hg_R2.fastq	a
SMPL155	Sample_P01-G06-LMB047_hg_R1.fastq,Sample_P01-G06-LMB047_hg_R2.fastq	a
SMPL157	Sample_P01-G07-LMB056_hg_R1.fastq,Sample_P01-G07-LMB056_hg_R2.fastq	a
SMPL159	Sample_P01-G08-LMB064_hg_R1.fastq,Sample_P01-G08-LMB064_hg_R2.fastq	a
SMPL161	Sample_P01-G09-LMB072_hg_R1.fastq,Sample_P01-G09-LMB072_hg_R2.fastq	a
SMPL163	Sample_P01-G10-LMB080_hg_R1.fastq,Sample_P01-G10-LMB080_hg_R2.fastq	a
SMPL165	Sample_P01-G11-LMB088_hg_R1.fastq,Sample_P01-G11-LMB088_hg_R2.fastq	a
SMPL167	Sample_P01-G12-LMB097_hg_R1.fastq,Sample_P01-G12-LMB097_hg_R2.fastq	a
SMPL169	Sample_P01-H01-LMB008_hg_R1.fastq,Sample_P01-H01-LMB008_hg_R2.fastq	a
SMPL17	Sample_P01-A09-LMB066_hg_R1.fastq,Sample_P01-A09-LMB066_hg_R2.fastq	a
SMPL171	Sample_P01-H02-LMB016_hg_R1.fastq,Sample_P01-H02-LMB016_hg_R2.fastq	a
SMPL173	Sample_P01-H03-LMB024_hg_R1.fastq,Sample_P01-H03-LMB024_hg_R2.fastq	a
SMPL175	Sample_P01-H04-LMB032_hg_R1.fastq,Sample_P01-H04-LMB032_hg_R2.fastq	a
SMPL177	Sample_P01-H05-LMB040_hg_R1.fastq,Sample_P01-H05-LMB040_hg_R2.fastq	a
SMPL179	Sample_P01-H06-LMB048_hg_R1.fastq,Sample_P01-H06-LMB048_hg_R2.fastq	a
SMPL181	Sample_P01-H07-LMB057_hg_R1.fastq,Sample_P01-H07-LMB057_hg_R2.fastq	a
SMPL183	Sample_P01-H08-LMB065_hg_R1.fastq,Sample_P01-H08-LMB065_hg_R2.fastq	a
SMPL185	Sample_P01-H09-LMB073_hg_R1.fastq,Sample_P01-H09-LMB073_hg_R2.fastq	a
SMPL187	Sample_P01-H10-LMB081_hg_R1.fastq,Sample_P01-H10-LMB081_hg_R2.fastq	a
SMPL189	Sample_P01-H11-LMB089_hg_R1.fastq,Sample_P01-H11-LMB089_hg_R2.fastq	a
SMPL19	Sample_P01-A10-LMB074_hg_R1.fastq,Sample_P01-A10-LMB074_hg_R2.fastq	a
SMPL191	Sample_P01-H12-LMB098_hg_R1.fastq,Sample_P01-H12-LMB098_hg_R2.fastq	a
SMPL193	Sample_P02-A01-LMB099_hg_R1.fastq,Sample_P02-A01-LMB099_hg_R2.fastq	a
SMPL195	Sample_P02-A02-LMB108_hg_R1.fastq,Sample_P02-A02-LMB108_hg_R2.fastq	a
SMPL197	Sample_P02-A03-LMB116_hg_R1.fastq,Sample_P02-A03-LMB116_hg_R2.fastq	a
SMPL199	Sample_P02-A04-LMB125_hg_R1.fastq,Sample_P02-A04-LMB125_hg_R2.fastq	a
SMPL201	Sample_P02-A05-LMB133_hg_R1.fastq,Sample_P02-A05-LMB133_hg_R2.fastq	a
SMPL203	Sample_P02-A06-LMB141_hg_R1.fastq,Sample_P02-A06-LMB141_hg_R2.fastq	a
SMPL205	Sample_P02-A07-LMB149_hg_R1.fastq,Sample_P02-A07-LMB149_hg_R2.fastq	a
SMPL207	Sample_P02-A08-LMB157_hg_R1.fastq,Sample_P02-A08-LMB157_hg_R2.fastq	a
SMPL209	Sample_P02-A09-LMB165_hg_R1.fastq,Sample_P02-A09-LMB165_hg_R2.fastq	a
SMPL21	Sample_P01-A11-LMB082_hg_R1.fastq,Sample_P01-A11-LMB082_hg_R2.fastq	a
SMPL211	Sample_P02-A10-LMB173_hg_R1.fastq,Sample_P02-A10-LMB173_hg_R2.fastq	a
SMPL213	Sample_P02-A11-LMB182_hg_R1.fastq,Sample_P02-A11-LMB182_hg_R2.fastq	a
SMPL215	Sample_P02-A12-LMB190_hg_R1.fastq,Sample_P02-A12-LMB190_hg_R2.fastq	a
SMPL217	Sample_P02-B01-LMB101_hg_R1.fastq,Sample_P02-B01-LMB101_hg_R2.fastq	a
SMPL219	Sample_P02-B02-LMB109_hg_R1.fastq,Sample_P02-B02-LMB109_hg_R2.fastq	a
SMPL221	Sample_P02-B03-LMB117_hg_R1.fastq,Sample_P02-B03-LMB117_hg_R2.fastq	a
SMPL223	Sample_P02-B04-LMB126_hg_R1.fastq,Sample_P02-B04-LMB126_hg_R2.fastq	a
SMPL225	Sample_P02-B05-LMB134_hg_R1.fastq,Sample_P02-B05-LMB134_hg_R2.fastq	a
SMPL227	Sample_P02-B06-LMB142_hg_R1.fastq,Sample_P02-B06-LMB142_hg_R2.fastq	a
SMPL229	Sample_P02-B07-LMB150_hg_R1.fastq,Sample_P02-B07-LMB150_hg_R2.fastq	a
SMPL23	Sample_P01-A12-LMB090_hg_R1.fastq,Sample_P01-A12-LMB090_hg_R2.fastq	a
SMPL231	Sample_P02-B08-LMB158_hg_R1.fastq,Sample_P02-B08-LMB158_hg_R2.fastq	a
SMPL233	Sample_P02-B09-LMB166_hg_R1.fastq,Sample_P02-B09-LMB166_hg_R2.fastq	a
SMPL235	Sample_P02-B10-LMB174_hg_R1.fastq,Sample_P02-B10-LMB174_hg_R2.fastq	a
SMPL237	Sample_P02-B11-LMB183_hg_R1.fastq,Sample_P02-B11-LMB183_hg_R2.fastq	a
SMPL239	Sample_P02-B12-LMB191_hg_R1.fastq,Sample_P02-B12-LMB191_hg_R2.fastq	a
SMPL241	Sample_P02-C01-LMB102_hg_R1.fastq,Sample_P02-C01-LMB102_hg_R2.fastq	a
SMPL243	Sample_P02-C02-LMB110_hg_R1.fastq,Sample_P02-C02-LMB110_hg_R2.fastq	a
SMPL245	Sample_P02-C03-LMB118_hg_R1.fastq,Sample_P02-C03-LMB118_hg_R2.fastq	a
SMPL247	Sample_P02-C04-LMB127_hg_R1.fastq,Sample_P02-C04-LMB127_hg_R2.fastq	a
SMPL249	Sample_P02-C05-LMB135_hg_R1.fastq,Sample_P02-C05-LMB135_hg_R2.fastq	a
SMPL25	Sample_P01-B01-LMB002_hg_R1.fastq,Sample_P01-B01-LMB002_hg_R2.fastq	a
SMPL251	Sample_P02-C06-LMB143_hg_R1.fastq,Sample_P02-C06-LMB143_hg_R2.fastq	a
SMPL253	Sample_P02-C07-LMB151_hg_R1.fastq,Sample_P02-C07-LMB151_hg_R2.fastq	a
SMPL255	Sample_P02-C08-LMB159_hg_R1.fastq,Sample_P02-C08-LMB159_hg_R2.fastq	a
SMPL257	Sample_P02-C09-LMB167_hg_R1.fastq,Sample_P02-C09-LMB167_hg_R2.fastq	a
SMPL259	Sample_P02-C10-LMB175_hg_R1.fastq,Sample_P02-C10-LMB175_hg_R2.fastq	a
SMPL261	Sample_P02-C11-LMB184_hg_R1.fastq,Sample_P02-C11-LMB184_hg_R2.fastq	a
SMPL263	Sample_P02-C12-LMB192_hg_R1.fastq,Sample_P02-C12-LMB192_hg_R2.fastq	a
SMPL265	Sample_P02-D01-LMB103_hg_R1.fastq,Sample_P02-D01-LMB103_hg_R2.fastq	a
SMPL267	Sample_P02-D02-LMB111_hg_R1.fastq,Sample_P02-D02-LMB111_hg_R2.fastq	a
SMPL269	Sample_P02-D03-LMB119_hg_R1.fastq,Sample_P02-D03-LMB119_hg_R2.fastq	a
SMPL27	Sample_P01-B02-LMB010_hg_R1.fastq,Sample_P01-B02-LMB010_hg_R2.fastq	a
SMPL271	Sample_P02-D04-LMB128_hg_R1.fastq,Sample_P02-D04-LMB128_hg_R2.fastq	a
SMPL273	Sample_P02-D05-LMB136_hg_R1.fastq,Sample_P02-D05-LMB136_hg_R2.fastq	a
SMPL275	Sample_P02-D06-LMB144_hg_R1.fastq,Sample_P02-D06-LMB144_hg_R2.fastq	a
SMPL277	Sample_P02-D07-LMB152_hg_R1.fastq,Sample_P02-D07-LMB152_hg_R2.fastq	a
SMPL279	Sample_P02-D08-LMB160_hg_R1.fastq,Sample_P02-D08-LMB160_hg_R2.fastq	a
SMPL281	Sample_P02-D09-LMB168_hg_R1.fastq,Sample_P02-D09-LMB168_hg_R2.fastq	a
SMPL283	Sample_P02-D10-LMB176_hg_R1.fastq,Sample_P02-D10-LMB176_hg_R2.fastq	a
SMPL285	Sample_P02-D11-LMB185_hg_R1.fastq,Sample_P02-D11-LMB185_hg_R2.fastq	a
SMPL287	Sample_P02-D12-LMB193_hg_R1.fastq,Sample_P02-D12-LMB193_hg_R2.fastq	a
SMPL289	Sample_P02-E01-LMB104_hg_R1.fastq,Sample_P02-E01-LMB104_hg_R2.fastq	a
SMPL29	Sample_P01-B03-LMB018_hg_R1.fastq,Sample_P01-B03-LMB018_hg_R2.fastq	a
SMPL291	Sample_P02-E02-LMB112_hg_R1.fastq,Sample_P02-E02-LMB112_hg_R2.fastq	a
SMPL293	Sample_P02-E03-LMB120_hg_R1.fastq,Sample_P02-E03-LMB120_hg_R2.fastq	a
SMPL295	Sample_P02-E04-LMB129_hg_R1.fastq,Sample_P02-E04-LMB129_hg_R2.fastq	a
SMPL297	Sample_P02-E05-LMB137_hg_R1.fastq,Sample_P02-E05-LMB137_hg_R2.fastq	a
SMPL299	Sample_P02-E06-LMB145_hg_R1.fastq,Sample_P02-E06-LMB145_hg_R2.fastq	a
SMPL3	Sample_P01-A02-LMB009_hg_R1.fastq,Sample_P01-A02-LMB009_hg_R2.fastq	a
SMPL301	Sample_P02-E07-LMB153_hg_R1.fastq,Sample_P02-E07-LMB153_hg_R2.fastq	a
SMPL303	Sample_P02-E08-LMB161_hg_R1.fastq,Sample_P02-E08-LMB161_hg_R2.fastq	a
SMPL305	Sample_P02-E09-LMB169_hg_R1.fastq,Sample_P02-E09-LMB169_hg_R2.fastq	a
SMPL307	Sample_P02-E10-LMB177_hg_R1.fastq,Sample_P02-E10-LMB177_hg_R2.fastq	a
SMPL309	Sample_P02-E11-LMB186_hg_R1.fastq,Sample_P02-E11-LMB186_hg_R2.fastq	a
SMPL31	Sample_P01-B04-LMB026_hg_R1.fastq,Sample_P01-B04-LMB026_hg_R2.fastq	a
SMPL311	Sample_P02-E12-LMB194_hg_R1.fastq,Sample_P02-E12-LMB194_hg_R2.fastq	a
SMPL313	Sample_P02-F01-LMB105_hg_R1.fastq,Sample_P02-F01-LMB105_hg_R2.fastq	a
SMPL315	Sample_P02-F02-LMB113_hg_R1.fastq,Sample_P02-F02-LMB113_hg_R2.fastq	a
SMPL317	Sample_P02-F03-LMB121_hg_R1.fastq,Sample_P02-F03-LMB121_hg_R2.fastq	a
SMPL319	Sample_P02-F04-LMB130_hg_R1.fastq,Sample_P02-F04-LMB130_hg_R2.fastq	a
SMPL321	Sample_P02-F05-LMB138_hg_R1.fastq,Sample_P02-F05-LMB138_hg_R2.fastq	a
SMPL323	Sample_P02-F06-LMB146_hg_R1.fastq,Sample_P02-F06-LMB146_hg_R2.fastq	a
SMPL325	Sample_P02-F07-LMB154_hg_R1.fastq,Sample_P02-F07-LMB154_hg_R2.fastq	a
SMPL327	Sample_P02-F08-LMB162_hg_R1.fastq,Sample_P02-F08-LMB162_hg_R2.fastq	a
SMPL329	Sample_P02-F09-LMB170_hg_R1.fastq,Sample_P02-F09-LMB170_hg_R2.fastq	a
SMPL33	Sample_P01-B05-LMB034_hg_R1.fastq,Sample_P01-B05-LMB034_hg_R2.fastq	a
SMPL331	Sample_P02-F10-LMB178_hg_R1.fastq,Sample_P02-F10-LMB178_hg_R2.fastq	a
SMPL333	Sample_P02-F11-LMB187_hg_R1.fastq,Sample_P02-F11-LMB187_hg_R2.fastq	a
SMPL335	Sample_P02-F12-LMB195_hg_R1.fastq,Sample_P02-F12-LMB195_hg_R2.fastq	a
SMPL337	Sample_P02-G01-LMB106_hg_R1.fastq,Sample_P02-G01-LMB106_hg_R2.fastq	a
SMPL339	Sample_P02-G02-LMB114_hg_R1.fastq,Sample_P02-G02-LMB114_hg_R2.fastq	a
SMPL341	Sample_P02-G03-LMB123_hg_R1.fastq,Sample_P02-G03-LMB123_hg_R2.fastq	a
SMPL343	Sample_P02-G04-LMB131_hg_R1.fastq,Sample_P02-G04-LMB131_hg_R2.fastq	a
SMPL345	Sample_P02-G05-LMB139_hg_R1.fastq,Sample_P02-G05-LMB139_hg_R2.fastq	a
SMPL347	Sample_P02-G06-LMB147_hg_R1.fastq,Sample_P02-G06-LMB147_hg_R2.fastq	a
SMPL349	Sample_P02-G07-LMB155_hg_R1.fastq,Sample_P02-G07-LMB155_hg_R2.fastq	a
SMPL35	Sample_P01-B06-LMB042_hg_R1.fastq,Sample_P01-B06-LMB042_hg_R2.fastq	a
SMPL351	Sample_P02-G08-LMB163_hg_R1.fastq,Sample_P02-G08-LMB163_hg_R2.fastq	a
SMPL353	Sample_P02-G09-LMB171_hg_R1.fastq,Sample_P02-G09-LMB171_hg_R2.fastq	a
SMPL355	Sample_P02-G10-LMB179_hg_R1.fastq,Sample_P02-G10-LMB179_hg_R2.fastq	a
SMPL357	Sample_P02-G11-LMB188_hg_R1.fastq,Sample_P02-G11-LMB188_hg_R2.fastq	a
SMPL359	Sample_P02-G12-LMB196_hg_R1.fastq,Sample_P02-G12-LMB196_hg_R2.fastq	a
SMPL361	Sample_P02-H01-LMB107_hg_R1.fastq,Sample_P02-H01-LMB107_hg_R2.fastq	a
SMPL363	Sample_P02-H02-LMB115_hg_R1.fastq,Sample_P02-H02-LMB115_hg_R2.fastq	a
SMPL365	Sample_P02-H03-LMB124_hg_R1.fastq,Sample_P02-H03-LMB124_hg_R2.fastq	a
SMPL367	Sample_P02-H04-LMB132_hg_R1.fastq,Sample_P02-H04-LMB132_hg_R2.fastq	a
SMPL369	Sample_P02-H05-LMB140_hg_R1.fastq,Sample_P02-H05-LMB140_hg_R2.fastq	a
SMPL37	Sample_P01-B07-LMB051_hg_R1.fastq,Sample_P01-B07-LMB051_hg_R2.fastq	a
SMPL371	Sample_P02-H06-LMB148_hg_R1.fastq,Sample_P02-H06-LMB148_hg_R2.fastq	a
SMPL373	Sample_P02-H07-LMB156_hg_R1.fastq,Sample_P02-H07-LMB156_hg_R2.fastq	a
SMPL375	Sample_P02-H08-LMB164_hg_R1.fastq,Sample_P02-H08-LMB164_hg_R2.fastq	a
SMPL377	Sample_P02-H09-LMB172_hg_R1.fastq,Sample_P02-H09-LMB172_hg_R2.fastq	a
SMPL379	Sample_P02-H10-LMB181_hg_R1.fastq,Sample_P02-H10-LMB181_hg_R2.fastq	a
SMPL381	Sample_P02-H11-LMB189_hg_R1.fastq,Sample_P02-H11-LMB189_hg_R2.fastq	a
SMPL383	Sample_P02-H12-LMB197_hg_R1.fastq,Sample_P02-H12-LMB197_hg_R2.fastq	a
SMPL385	Sample_P03-A01-LMB198_hg_R1.fastq,Sample_P03-A01-LMB198_hg_R2.fastq	a
SMPL387	Sample_P03-B01-LMB199_hg_R1.fastq,Sample_P03-B01-LMB199_hg_R2.fastq	a
SMPL389	Sample_P03-C01-LMB200_hg_R1.fastq,Sample_P03-C01-LMB200_hg_R2.fastq	a
SMPL39	Sample_P01-B08-LMB059_hg_R1.fastq,Sample_P01-B08-LMB059_hg_R2.fastq	a
SMPL391	Sample_P03-D01-LMB201_hg_R1.fastq,Sample_P03-D01-LMB201_hg_R2.fastq	a
SMPL393	Sample_P03-E01-LMB202_hg_R1.fastq,Sample_P03-E01-LMB202_hg_R2.fastq	a
SMPL395	Sample_P03-F01-LMB203_hg_R1.fastq,Sample_P03-F01-LMB203_hg_R2.fastq	a
SMPL397	Sample_P03-G01-LMB204_hg_R1.fastq,Sample_P03-G01-LMB204_hg_R2.fastq	a
SMPL399	Sample_P03-H01-LMB205_hg_R1.fastq,Sample_P03-H01-LMB205_hg_R2.fastq	a
SMPL41	Sample_P01-B09-LMB067_hg_R1.fastq,Sample_P01-B09-LMB067_hg_R2.fastq	a
SMPL43	Sample_P01-B10-LMB075_hg_R1.fastq,Sample_P01-B10-LMB075_hg_R2.fastq	a
SMPL45	Sample_P01-B11-LMB083_hg_R1.fastq,Sample_P01-B11-LMB083_hg_R2.fastq	a
SMPL47	Sample_P01-B12-LMB091_hg_R1.fastq,Sample_P01-B12-LMB091_hg_R2.fastq	a
SMPL49	Sample_P01-C01-LMB003_hg_R1.fastq,Sample_P01-C01-LMB003_hg_R2.fastq	a
SMPL5	Sample_P01-A03-LMB017_hg_R1.fastq,Sample_P01-A03-LMB017_hg_R2.fastq	a
SMPL51	Sample_P01-C02-LMB011_hg_R1.fastq,Sample_P01-C02-LMB011_hg_R2.fastq	a
SMPL53	Sample_P01-C03-LMB019_hg_R1.fastq,Sample_P01-C03-LMB019_hg_R2.fastq	a
SMPL55	Sample_P01-C04-LMB027_hg_R1.fastq,Sample_P01-C04-LMB027_hg_R2.fastq	a
SMPL57	Sample_P01-C05-LMB035_hg_R1.fastq,Sample_P01-C05-LMB035_hg_R2.fastq	a
SMPL59	Sample_P01-C06-LMB043_hg_R1.fastq,Sample_P01-C06-LMB043_hg_R2.fastq	a
SMPL61	Sample_P01-C07-LMB052_hg_R1.fastq,Sample_P01-C07-LMB052_hg_R2.fastq	a
SMPL63	Sample_P01-C08-LMB060_hg_R1.fastq,Sample_P01-C08-LMB060_hg_R2.fastq	a
SMPL65	Sample_P01-C09-LMB068_hg_R1.fastq,Sample_P01-C09-LMB068_hg_R2.fastq	a
SMPL67	Sample_P01-C10-LMB076_hg_R1.fastq,Sample_P01-C10-LMB076_hg_R2.fastq	a
SMPL69	Sample_P01-C11-LMB084_hg_R1.fastq,Sample_P01-C11-LMB084_hg_R2.fastq	a
SMPL7	Sample_P01-A04-LMB025_hg_R1.fastq,Sample_P01-A04-LMB025_hg_R2.fastq	a
SMPL71	Sample_P01-C12-LMB093_hg_R1.fastq,Sample_P01-C12-LMB093_hg_R2.fastq	a
SMPL73	Sample_P01-D01-LMB004_hg_R1.fastq,Sample_P01-D01-LMB004_hg_R2.fastq	a
SMPL75	Sample_P01-D02-LMB012_hg_R1.fastq,Sample_P01-D02-LMB012_hg_R2.fastq	a
SMPL77	Sample_P01-D03-LMB020_hg_R1.fastq,Sample_P01-D03-LMB020_hg_R2.fastq	a
SMPL79	Sample_P01-D04-LMB028_hg_R1.fastq,Sample_P01-D04-LMB028_hg_R2.fastq	a
SMPL81	Sample_P01-D05-LMB036_hg_R1.fastq,Sample_P01-D05-LMB036_hg_R2.fastq	a
SMPL83	Sample_P01-D06-LMB044_hg_R1.fastq,Sample_P01-D06-LMB044_hg_R2.fastq	a
SMPL85	Sample_P01-D07-LMB053_hg_R1.fastq,Sample_P01-D07-LMB053_hg_R2.fastq	a
SMPL87	Sample_P01-D08-LMB061_hg_R1.fastq,Sample_P01-D08-LMB061_hg_R2.fastq	a
SMPL89	Sample_P01-D09-LMB069_hg_R1.fastq,Sample_P01-D09-LMB069_hg_R2.fastq	a
SMPL9	Sample_P01-A05-LMB033_hg_R1.fastq,Sample_P01-A05-LMB033_hg_R2.fastq	a
SMPL91	Sample_P01-D10-LMB077_hg_R1.fastq,Sample_P01-D10-LMB077_hg_R2.fastq	a
SMPL93	Sample_P01-D11-LMB085_hg_R1.fastq,Sample_P01-D11-LMB085_hg_R2.fastq	a
SMPL95	Sample_P01-D12-LMB094_hg_R1.fastq,Sample_P01-D12-LMB094_hg_R2.fastq	a
SMPL97	Sample_P01-E01-LMB005_hg_R1.fastq,Sample_P01-E01-LMB005_hg_R2.fastq	a
SMPL99	Sample_P01-E02-LMB013_hg_R1.fastq,Sample_P01-E02-LMB013_hg_R2.fastq	a
